00:00.248  blend            | Read blend: "/Users/zgg/Projects/游戏/bl8-3D台球/bj8-clear-water-candidate/assets/blender/lake360/lake360.blend"
/Users/zgg/Projects/游戏/bl8-3D台球/bj8-clear-water-candidate/assets/blender/lake360/build_lake360.py:25: DeprecationWarning: 'Material.use_nodes' is expected to be removed in Blender 6.0
  mat = bpy.data.materials.new(name + '_ClearWater'); mat.use_nodes = True
/Users/zgg/Projects/游戏/bl8-3D台球/bj8-clear-water-candidate/assets/blender/lake360/build_lake360.py:85: DeprecationWarning: 'Material.use_nodes' is expected to be removed in Blender 6.0
  mat=bpy.data.materials.new('ClearWater_SandAndStone'); mat.use_nodes=True; mat.diffuse_color=(*sand,1)
BlenderMCP: cannot start server in background mode (blender -b) - commands would never execute
BlenderMCP: run Blender with a GUI, or use a virtual display: xvfb-run -a blender
BlenderMCP addon registered
INFO Draco is available, use library at /Applications/Blender.app/Contents/Resources/5.2/scripts/addons_core/io_scene_gltf2/libbf_intern_draco_bridge.dylib
INFO MeshOptimizer is available, use library at /Applications/Blender.app/Contents/Resources/5.2/scripts/addons_core/io_scene_gltf2/libbf_intern_meshopt_bridge.dylib
09:48:01 | INFO: Starting glTF 2.0 export
09:48:01 | INFO: Extracting primitive: ClearWater_SandShelfAndPebbles
09:48:01 | INFO: Primitives created: 1
09:48:01 | INFO: Extracting primitive: Sphere.001
09:48:01 | INFO: Primitives created: 1
09:48:01 | INFO: Extracting primitive: Lake360_WaterMesh.001
09:48:01 | INFO: Primitives created: 1
09:48:01 | INFO: Finished glTF 2.0 export in 0.011600017547607422 s

Info: Saved as "lake360-clear-water.blend"
{"author": "GPT-6 / local Blender Python", "blender": "5.2.1 LTS", "blender_build": "9e2066aef7ef", "source_file": "assets/blender/lake360/lake360.blend", "source_sha256": "0c5fd4227c0ecb19d34844954109e443319e4bb19a5331d57544fa4d28e5c479", "source_preserved": true, "source_scene": "BJ8_Lake360_Experiment", "active_scene": "BJ8_Lake360_ClearWater", "editable_source": "assets/blender/lake360/lake360-clear-water.blend", "blend_sha256": "4a76ca122e1396ae01b9412f9ba323e9a4df1ab27c327eed71f140101d92dd8a", "script_sha256": "3be9db948bc65f78e16d026657cb0078b4177c6e0fbaddd172f1eaf5e111724c", "runtime_sha256": "f7294af981ec200716628778f08d9da9593725a7a355b3f03336be3a8706bc4b", "meshes": 3, "materials": 3, "triangles": 13440, "mesh_statistics": {"Lake360_WaterMesh": {"vertices": 3841, "triangles": 7584}, "Lake360_SkyDome": {"vertices": 1106, "triangles": 2208}, "Lake360_Lakebed": {"vertices": 1905, "triangles": 3648}}, "glb_bytes": 283708, "glb_sha256": "0cf99ecf8269f88a140ba2301759eaebca56caffbdda43b3b9b7ba00098bac79", "reference": "https://www.ghibli.jp/works/chihiro/", "license": "Original procedural geometry/materials; no third-party media included.", "offline_render": false, "validation_scope": "Blender export and source preservation; browser validation delegated to PM."}
BlenderMCP server stopped
BlenderMCP addon unregistered
Blender 5.2.1 LTS (hash 9e2066aef7ef built 2026-08-25 01:35:57)

Blender quit
