
> bj8-optimized@1.7.0 check
> npm run typecheck && npm run test:unit && npm run build


> bj8-optimized@1.7.0 typecheck
> tsc --noEmit


> bj8-optimized@1.7.0 test:unit
> vitest run

[33mThe CJS build of Vite's Node API is deprecated. See https://vite.dev/guide/troubleshooting.html#vite-cjs-node-api-deprecated for more details.[39m

 RUN  v2.1.9 /Users/zgg/Projects/游戏/bl8-3D台球/bj8-lake360-experiment

 ✓ src/match/match-machine.test.ts (23 tests) 3ms
 ✓ src/camera-view.test.ts (18 tests) 7ms
 ✓ src/opponent/model.test.ts (22 tests) 3ms
 ✓ src/camera-framing.test.ts (16 tests) 25ms
 ✓ src/physics/table-geometry.test.ts (11 tests) 63ms
 ✓ src/physics/continuous-collision.test.ts (11 tests) 86ms
 ✓ src/first-match-guide.test.ts (13 tests) 5ms
 ✓ src/components/ControlLearningActions.test.tsx (8 tests) 8ms
 ✓ src/layout/control-layout.test.ts (12 tests) 5ms
 ✓ src/scene/galaxy.test.ts (4 tests) 30ms
stdout | src/physics.test.ts > 落袋检测测试 > 模拟开球并打印落袋
落袋球: []

stdout | src/physics.test.ts > 物理手感基准（打印指标） > 输出关键手感数据
力度10: 滚动 0.94m, 用时 1.72s
力度30: 滚动 0.96m, 用时 2.30s
力度50: 滚动 -0.29m, 用时 2.68s
力度70: 滚动 0.49m, 用时 2.82s
力度100: 滚动 1.77m, 用时 3.09s
低杆: 白球最终 z=0.790 (碰球点约 z=-0.49)

 ✓ src/physics.test.ts (32 tests) 380ms
 ✓ src/pocket-drop.test.ts (11 tests) 197ms
 ✓ scripts/table-craft-asset.test.ts (6 tests) 344ms
 ✓ src/simulation/fixed-step-runner.test.ts (6 tests) 4ms
 ✓ src/control-onboarding.test.ts (11 tests) 7ms
 ✓ src/scene/studio-environment.test.ts (11 tests) 228ms
 ✓ src/components/ControlOnboarding.test.tsx (7 tests) 10ms
 ✓ src/input/shot-input.test.ts (17 tests) 4ms
stderr | src/scene/blender-world.test.ts > Blender 世界资源装配 > 加载失败保留临时暗地面，并明确返回未就绪
Blender 环境加载失败，保留基础地面。 World Error: missing model
    at GLTFLoader.<anonymous> (/Users/zgg/Projects/游戏/bl8-3D台球/bj8-lake360-experiment/src/scene/blender-world.test.ts:53:55)
    at GLTFLoader.mockCall (file:///Users/zgg/Projects/%E6%B8%B8%E6%88%8F/bl8-3D%E5%8F%B0%E7%90%83/bj8-lake360-experiment/node_modules/@vitest/spy/dist/index.js:61:17)
    at GLTFLoader.spy [as loadAsync] (file:///Users/zgg/Projects/%E6%B8%B8%E6%88%8F/bl8-3D%E5%8F%B0%E7%90%83/bj8-lake360-experiment/node_modules/tinyspy/dist/index.js:45:80)
    at Module.attachBlenderWorld (/Users/zgg/Projects/游戏/bl8-3D台球/bj8-lake360-experiment/src/scene/blender-world.ts:40:35)
    at /Users/zgg/Projects/游戏/bl8-3D台球/bj8-lake360-experiment/src/scene/blender-world.test.ts:55:19
    at file:///Users/zgg/Projects/%E6%B8%B8%E6%88%8F/bl8-3D%E5%8F%B0%E7%90%83/bj8-lake360-experiment/node_modules/@vitest/runner/dist/index.js:146:14
    at file:///Users/zgg/Projects/%E6%B8%B8%E6%88%8F/bl8-3D%E5%8F%B0%E7%90%83/bj8-lake360-experiment/node_modules/@vitest/runner/dist/index.js:533:11
    at runWithTimeout (file:///Users/zgg/Projects/%E6%B8%B8%E6%88%8F/bl8-3D%E5%8F%B0%E7%90%83/bj8-lake360-experiment/node_modules/@vitest/runner/dist/index.js:39:7)
    at runTest (file:///Users/zgg/Projects/%E6%B8%B8%E6%88%8F/bl8-3D%E5%8F%B0%E7%90%83/bj8-lake360-experiment/node_modules/@vitest/runner/dist/index.js:1056:17)
    at processTicksAndRejections (node:internal/process/task_queues:104:5)

 ✓ src/scene/blender-world.test.ts (5 tests) 11ms
 ✓ src/hooks/useAimInteraction.test.tsx (5 tests) 8ms
 ✓ src/aim/aim-solution.test.ts (4 tests) 10ms
 ✓ src/planner/async.test.ts (3 tests) 28ms
 ✓ src/thermal-governor.test.ts (4 tests) 3ms
 ✓ src/render-policy.test.ts (5 tests) 1ms
 ✓ src/input/aim-dial.test.ts (7 tests) 2ms
 ✓ src/opponent/tactical-async.test.ts (2 tests) 15ms
 ✓ src/pocket-render/trim-geometry.test.ts (20 tests) 960ms
   ✓ shared wood/leather boundary > makes one simple opening and a closed wood solid 408ms
 ✓ src/opponent/tactical-shot.test.ts (3 tests) 11ms
 ✓ src/hooks/usePositionPlan.test.ts (5 tests) 3ms
 ✓ src/camera-aim-intent.test.ts (5 tests) 9ms
 ✓ src/scene/world-shell.test.ts (4 tests) 527ms
 ✓ src/shot-camera-follow.test.ts (4 tests) 3ms
 ✓ src/pocket-render/profile.test.ts (1 test) 3ms
stdout | src/spin-settle.test.ts > 加塞停球收敛 > 中力满塞残余侧旋（≈77 rad/s）应快速归零
中力满塞原地残旋 settle 耗时 1.24s

stdout | src/spin-settle.test.ts > 加塞停球收敛 > 满力满塞残余侧旋（≈238 rad/s）最恶劣情形应快速归零
满力满塞原地残旋 settle 耗时 1.77s

 ✓ src/spin-settle.test.ts (2 tests) 15ms
 ✓ src/components/AimControls.test.tsx (3 tests) 6ms
 ✓ src/components/ShootControl.test.ts (4 tests) 2ms
 ✓ src/scene/world-registry.test.ts (4 tests) 15ms
 ✓ src/break-spread.test.ts (4 tests) 873ms
   ✓ 开球球堆散开回归 > 随机摆法 8 种子：位移与分散度稳定在健康区间 519ms
 ✓ src/components/ThemeSwitcher.test.ts (6 tests) 1ms
 ✓ src/components/AimDial.test.tsx (2 tests) 7ms
 ✓ src/pocket-render/cushion-join.test.ts (1 test) 15ms
 ✓ src/simulation/presentation-cadence.test.ts (3 tests) 2ms
 ✓ src/hooks/useAimAssist.test.ts (2 tests) 2ms
stdout | src/planner/bench.test.ts > planner benchmark > single shot sim cost
[bench] sim 240Hz (simulateUntilStop): 4.87 ms/iter (30 iters)
[bench] sim 120Hz (stepWorld dt=1/120): 3.17 ms/iter (30 iters)
[bench] sim 60Hz (stepWorld dt=1/60): 1.93 ms/iter (30 iters)
[bench] cloneWorld only: 0.00 ms/iter (1000 iters)

 ✓ src/planner/bench.test.ts (1 test) 370ms
   ✓ planner benchmark > single shot sim cost 369ms
 ✓ src/components/FirstMatchGuide.test.tsx (2 tests) 6ms
 ✓ src/input/use-shot-input.test.ts (3 tests) 2ms
 ✓ src/components/ControlDeck.test.ts (3 tests) 2ms
 ✓ src/world-selection.test.ts (3 tests) 3ms
 ✓ src/components/PlanStatusNotice.test.tsx (2 tests) 5ms
 ✓ src/pocket-render/rope-net.test.ts (1 test) 2ms
 ✓ src/hooks/shot-settlement-guard.test.ts (2 tests) 2ms
stdout | src/break-variance.test.ts > 开球结果差异性验证 > 随机摆法：同力度连续 30 局应有不同落袋结果
=== 随机摆法同力度开球结果 ===
不同落袋组合数: 8 / 30
平均落袋数: 0.30
最大单局落袋数: 1
前 8 局落袋: [9] [11] [-] [-] [-] [-] [-] [-]

stdout | src/break-variance.test.ts > 开球结果差异性验证 > 随机摆法：球堆最终分布不应完全相同
=== 球堆分布方差 ===
平均 spread: 0.637
spread 方差: 0.016675

 ✓ src/break-variance.test.ts (3 tests) 2907ms
   ✓ 开球结果差异性验证 > 确定性摆法：同力度 10 局结果完全相同 708ms
   ✓ 开球结果差异性验证 > 随机摆法：同力度连续 30 局应有不同落袋结果 1344ms
   ✓ 开球结果差异性验证 > 随机摆法：球堆最终分布不应完全相同 855ms
 ✓ src/planner/planner.test.ts (16 tests) 28848ms
   ✓ generateCandidates 几何候选 > 概率单调性：直球近台的进球率必须高于大切角远台 582ms
   ✓ planPosition 整链搜索 > 返回结构完整：steps 1–3、chainProb 连乘、zone ≥ 3 顶点、note 非空 4747ms
   ✓ planPosition 整链搜索 > 分组语义：legal 只传本组球时，链条任何一步不得出现别组球（含深层滚动） 7943ms
   ✓ planPosition 整链搜索 > 仿真预算不被击穿：simBudget=500/200 严格封顶且仍有结果 3924ms
   ✓ planPosition 链条自洽性 > 三球残局：每条 plan 每步重放都真实进球 4270ms
   ✓ planPosition 链条自洽性 > 两球残局：每条 plan 每步重放都真实进球 671ms
   ✓ planPosition 链条自洽性 > 链条截断：第 2 杆无可行候选时 steps 缩短且不抛异常 360ms
   ✓ planPosition 链条自洽性 > 中局分组语义：球多但几何角差之毫厘时经标定仍给出 ≥2 步 5905ms
 ✓ src/planner/review.test.ts (9 tests) 48595ms
   ✓ buildShotReview 复盘判定 > 参数照抄计划 → perfect 6017ms
   ✓ buildShotReview 复盘判定 > 实际沿真实可进球轨迹，但比计划参考力度低 13 → position-miss / 力度偏小 5334ms
   ✓ buildShotReview 复盘判定 > 力度 +20 → position-miss / 力度偏大 5362ms
   ✓ buildShotReview 复盘判定 > 瞄准角加偏 → pot-miss / 厚薄与偏袋口文案 5392ms
   ✓ buildShotReview 复盘判定 > 无计划 → null（静默跳过） 5414ms
   ✓ buildShotReview 复盘判定 > 未查看计划但能推断目标球/袋口 → 生成自主复盘且不暴露计划轨迹 5304ms
   ✓ buildShotReview 复盘判定 > 规则判定犯规时只给一个最高优先级纠正 5259ms
   ✓ buildShotReview 复盘判定 > 开球没有明确目标袋时也会生成赛后建议 5254ms
   ✓ buildShotReview 复盘判定 > 普通杆没有明确目标袋时不会误报为开球 5257ms

 Test Files  54 passed (54)
      Tests  392 passed (392)
   Start at  14:07:31
   Duration  48.98s (transform 888ms, setup 0ms, collect 2.33s, tests 84.68s, environment 5ms, prepare 1.55s)


> bj8-optimized@1.7.0 build
> vite build && node scripts/inline-build.mjs

[33mThe CJS build of Vite's Node API is deprecated. See https://vite.dev/guide/troubleshooting.html#vite-cjs-node-api-deprecated for more details.[39m
vite v5.4.21 building for production...
transforming...
✓ 128 modules transformed.
rendering chunks...
computing gzip size...
dist/index.html                                 0.39 kB │ gzip:     0.29 kB
dist/assets/world-galaxy-BciP0hk_.glb         484.29 kB
dist/assets/world-aurora-lake-F9y2Qvth.glb  1,515.17 kB
dist/assets/world-bamboo-C-TsmG3y.glb       2,549.79 kB
dist/assets/style-Cl3AIWZb.css                 84.04 kB │ gzip:    16.35 kB
dist/assets/index-CfZT0uln.js               3,096.23 kB │ gzip: 1,083.55 kB

(!) Some chunks are larger than 1200 kB after minification. Consider:
- Using dynamic import() to code-split the application
- Use build.rollupOptions.output.manualChunks to improve chunking: https://rollupjs.org/configuration-options/#output-manualchunks
- Adjust chunk size limit for this warning via build.chunkSizeWarningLimit.
✓ built in 959ms
inline-build: wrote 9250455 byte single-file dist/index.html
